#
# There is insufficient memory for the Java Runtime Environment to continue.
# Native memory allocation (mmap) failed to map 65536 bytes. Error detail: Failed to commit metaspace.
# Possible reasons:
#   The system is out of physical RAM or swap space
#   This process is running with CompressedOops enabled, and the Java Heap may be blocking the growth of the native heap
# Possible solutions:
#   Reduce memory load on the system
#   Increase physical memory or swap space
#   Check if swap backing store is full
#   Decrease Java heap size (-Xmx/-Xms)
#   Decrease number of Java threads
#   Decrease Java thread stack sizes (-Xss)
#   Set larger code cache with -XX:ReservedCodeCacheSize=
#   JVM is running with Unscaled Compressed Oops mode in which the Java heap is
#     placed in the first 4GB address space. The Java Heap base address is the
#     maximum limit for the native heap growth. Please use -XX:HeapBaseMinAddress
#     to set the Java Heap base and to place the Java Heap above 4GB virtual address.
# This output file may be truncated or incomplete.
#
#  Out of Memory Error (virtualSpaceNode.cpp:113), pid=19400, tid=45464
#
# JRE version: OpenJDK Runtime Environment Temurin-21.0.12.1+1 (21.0.12.1+1) (build 21.0.12.1+1-LTS)
# Java VM: OpenJDK 64-Bit Server VM Temurin-21.0.12.1+1 (21.0.12.1+1-LTS, mixed mode, sharing, tiered, compressed oops, compressed class ptrs, parallel gc, windows-amd64)
# No core dump will be written. Minidumps are not enabled by default on client versions of Windows
#

---------------  S U M M A R Y ------------

Command Line: --add-modules=ALL-SYSTEM --add-opens=java.base/java.util=ALL-UNNAMED --add-opens=java.base/java.lang=ALL-UNNAMED --add-opens=java.base/sun.nio.fs=ALL-UNNAMED -Declipse.application=org.eclipse.jdt.ls.core.id1 -Dosgi.bundles.defaultStartLevel=4 -Declipse.product=org.eclipse.jdt.ls.core.product -Djava.import.generatesMetadataFilesAtProjectRoot=false -Dm2e.project.cache.size=50 -DDetectVMInstallationsJob.disabled=true -Dfile.encoding=utf8 -XX:+UseParallelGC -XX:GCTimeRatio=4 -XX:AdaptiveSizePolicyWeight=90 -Dsun.zip.disableMemoryMapping=true -Xmx2G -Xms100m -Xlog:disable -javaagent:c:\Users\user\.vscode\extensions\redhat.java-1.56.0-win32-x64\lombok\lombok-1.18.39-4050.jar c:\Users\user\.vscode\extensions\redhat.java-1.56.0-win32-x64\server\plugins\org.eclipse.equinox.launcher_1.8.0.v20260804-1928.jar -configuration c:\Users\user\AppData\Roaming\Code\User\globalStorage\redhat.java\1.56.0\config_ss_win -data c:\Users\user\AppData\Roaming\Code\User\workspaceStorage\b4cab9b5bd81c9e6fe92a1290177fc1e\redhat.java\ss_ws --pipe=\\.\pipe\lsp-24c8d28fab603ba64cfbe080fd6321a8-sock

Host: 12th Gen Intel(R) Core(TM) i5-12500H, 16 cores, 15G,  Windows 11 , 64 bit Build 26100 (10.0.26100.9444)
Time: Mon Sep 14 08:30:58 2026 W. Europe Daylight Time elapsed time: 0.589382 seconds (0d 0h 0m 0s)

---------------  T H R E A D  ---------------

Current thread (0x000001e371ba1970):  JavaThread "main"             [_thread_in_vm, id=45464, stack(0x0000006f42200000,0x0000006f42300000) (1024K)]

Stack: [0x0000006f42200000,0x0000006f42300000]
Native frames: (J=compiled Java code, j=interpreted, Vv=VM code, C=native code)
V  [jvm.dll+0x6d83e9]
V  [jvm.dll+0x8b5736]
V  [jvm.dll+0x8b7cee]
V  [jvm.dll+0x8b83d3]
V  [jvm.dll+0x284596]
V  [jvm.dll+0x8b147e]
V  [jvm.dll+0x679ad4]
V  [jvm.dll+0x679b3a]
V  [jvm.dll+0x67c336]
V  [jvm.dll+0x67c202]
V  [jvm.dll+0x67a4ae]
V  [jvm.dll+0x281467]
V  [jvm.dll+0x72e6df]
V  [jvm.dll+0x72f21f]
V  [jvm.dll+0x3ccb91]
V  [jvm.dll+0x3cb967]
V  [jvm.dll+0x3cb908]
V  [jvm.dll+0x3dd3aa]
C  0x000001e307469274

The last pc belongs to new (printed below).
Java frames: (J=compiled Java code, j=interpreted, Vv=VM code)
j  sun.security.x509.RDN.<init>(Lsun/security/util/DerValue;)V+66 java.base@21.0.12.1
j  sun.security.x509.X500Name.parseDER(Lsun/security/util/DerInputStream;)V+104 java.base@21.0.12.1
j  sun.security.x509.X500Name.<init>(Lsun/security/util/DerInputStream;)V+6 java.base@21.0.12.1
j  sun.security.x509.X509CertInfo.parse(Lsun/security/util/DerValue;)V+93 java.base@21.0.12.1
j  sun.security.x509.X509CertInfo.<init>(Lsun/security/util/DerValue;)V+67 java.base@21.0.12.1
j  sun.security.x509.X509CertImpl.parse(Lsun/security/util/DerValue;)V+210 java.base@21.0.12.1
j  sun.security.x509.X509CertImpl.<init>([B)V+45 java.base@21.0.12.1
j  sun.security.provider.X509Factory.cachedGetX509Cert([B)Lsun/security/x509/X509CertImpl;+22 java.base@21.0.12.1
j  sun.security.provider.X509Factory.engineGenerateCertificate(Ljava/io/InputStream;)Ljava/security/cert/Certificate;+33 java.base@21.0.12.1
j  java.security.cert.CertificateFactory.generateCertificate(Ljava/io/InputStream;)Ljava/security/cert/Certificate;+5 java.base@21.0.12.1
j  sun.security.pkcs.PKCS7.parseSignedData(Lsun/security/util/DerValue;)V+279 java.base@21.0.12.1
j  sun.security.pkcs.PKCS7.parse(Lsun/security/util/DerInputStream;Z)V+51 java.base@21.0.12.1
j  sun.security.pkcs.PKCS7.parse(Lsun/security/util/DerInputStream;)V+11 java.base@21.0.12.1
j  sun.security.pkcs.PKCS7.<init>([B)V+50 java.base@21.0.12.1
j  sun.security.util.SignatureFileVerifier.<init>(Ljava/util/List;Lsun/security/util/ManifestDigester;Ljava/lang/String;[B)V+35 java.base@21.0.12.1
j  java.util.jar.JarVerifier.processEntry(Lsun/security/util/ManifestEntryVerifier;)V+319 java.base@21.0.12.1
j  java.util.jar.JarVerifier.update(I[BIILsun/security/util/ManifestEntryVerifier;)V+39 java.base@21.0.12.1
j  java.util.jar.JarFile.initializeVerifier()V+164 java.base@21.0.12.1
j  java.util.jar.JarFile.ensureInitialization()V+36 java.base@21.0.12.1
j  java.util.jar.JavaUtilJarAccessImpl.ensureInitialization(Ljava/util/jar/JarFile;)V+1 java.base@21.0.12.1
j  jdk.internal.loader.URLClassPath$JarLoader$2.getManifest()Ljava/util/jar/Manifest;+10 java.base@21.0.12.1
j  jdk.internal.loader.BuiltinClassLoader.defineClass(Ljava/lang/String;Ljdk/internal/loader/Resource;)Ljava/lang/Class;+29 java.base@21.0.12.1
j  jdk.internal.loader.BuiltinClassLoader.findClassOnClassPathOrNull(Ljava/lang/String;)Ljava/lang/Class;+37 java.base@21.0.12.1
j  jdk.internal.loader.BuiltinClassLoader.loadClassOrNull(Ljava/lang/String;Z)Ljava/lang/Class;+111 java.base@21.0.12.1
j  jdk.internal.loader.BuiltinClassLoader.loadClass(Ljava/lang/String;Z)Ljava/lang/Class;+3 java.base@21.0.12.1
j  jdk.internal.loader.ClassLoaders$AppClassLoader.loadClass(Ljava/lang/String;Z)Ljava/lang/Class;+36 java.base@21.0.12.1
j  java.lang.ClassLoader.loadClass(Ljava/lang/String;)Ljava/lang/Class;+3 java.base@21.0.12.1
v  ~StubRoutines::call_stub 0x000001e30745100d
j  java.lang.Class.forName0(Ljava/lang/String;ZLjava/lang/ClassLoader;Ljava/lang/Class;)Ljava/lang/Class;+0 java.base@21.0.12.1
j  java.lang.Class.forName(Ljava/lang/String;ZLjava/lang/ClassLoader;Ljava/lang/Class;)Ljava/lang/Class;+37 java.base@21.0.12.1
j  java.lang.Class.forName(Ljava/lang/String;ZLjava/lang/ClassLoader;)Ljava/lang/Class;+20 java.base@21.0.12.1
j  sun.launcher.LauncherHelper.loadMainClass(ILjava/lang/String;)Ljava/lang/Class;+95 java.base@21.0.12.1
j  sun.launcher.LauncherHelper.checkAndLoadMain(ZILjava/lang/String;)Ljava/lang/Class;+42 java.base@21.0.12.1
v  ~StubRoutines::call_stub 0x000001e30745100d
new  187 new  [0x000001e3074690e0, 0x000001e3074692e8]  520 bytes
[MachCode]
  0x000001e3074690e0: 4883 ec08 | c5fa 1104 | 24eb 1f48 | 83ec 10c5 | fb11 0424 | eb14 4883 | ec10 4889 | 0424 48c7 
  0x000001e307469100: 4424 0800 | 0000 00eb | 0150 410f | b755 010f | cac1 ea10 | 488b 4de8 | 488b 4908 | 488b 4908 
  0x000001e307469120: 488b 4108 | 807c 1004 | 070f 85d3 | 0000 0066 | 8b54 d148 | 488b 4928 | 488b 4cd1 | 0851 80b9 
  0x000001e307469140: 3101 0000 | 040f 85b6 | 0000 008b | 5108 f6c2 | 010f 85aa | 0000 0049 | 8b87 b801 | 0000 488d 
  0x000001e307469160: 1c10 493b | 9fc8 0100 | 000f 8792 | 0000 0049 | 899f b801 | 0000 4883 | ea10 0f84 | 0f00 0000 
  0x000001e307469180: 33c9 c1ea | 0348 894c | d008 48ff | ca75 f648 | c700 0100 | 0000 5933 | f689 700c | 49ba 0000 
  0x000001e3074691a0: 000f e301 | 0000 492b | ca89 4808 | 49ba 076d | 23a6 f97f | 0000 4180 | 3a00 0f84 | 3c00 0000 
  0x000001e3074691c0: 5048 8bc8 | 4883 ec20 | 40f6 c40f | 0f84 1900 | 0000 4883 | ec08 48b8 | 20eb cca5 | f97f 0000 
  0x000001e3074691e0: ffd0 4883 | c408 e90c | 0000 0048 | b820 ebcc | a5f9 7f00 | 00ff d048 | 83c4 2058 | e9cb 0000 
  0x000001e307469200: 0059 488b | 55e8 488b | 5208 488b | 5208 450f | b745 0141 | 0fc8 41c1 | e810 e805 | 0000 00e9 
  0x000001e307469220: a800 0000 | 488d 4424 | 084c 896d | c049 8bcf | c5f8 7749 | 89af b003 | 0000 4989 | 87a0 0300 
  0x000001e307469240: 0048 83ec | 2040 f6c4 | 0f0f 8419 | 0000 0048 | 83ec 0848 | b820 d396 | a5f9 7f00 | 00ff d048 
  0x000001e307469260: 83c4 08e9 | 0c00 0000 | 48b8 20d3 | 96a5 f97f | 0000 ffd0 | 4883 c420 | 49c7 87a0 | 0300 0000 
  0x000001e307469280: 0000 0049 | c787 b003 | 0000 0000 | 0000 49c7 | 87a8 0300 | 0000 0000 | 00c5 f877 | 4983 7f08 
  0x000001e3074692a0: 000f 8405 | 0000 00e9 | 547c feff | 498b 87f8 | 0300 0049 | c787 f803 | 0000 0000 | 0000 4c8b 
  0x000001e3074692c0: 6dc0 4c8b | 75c8 4e8d | 74f5 00c3 | 410f b65d | 0349 83c5 | 0349 ba50 | 3526 a6f9 | 7f00 0041 
  0x000001e3074692e0: ff24 da0f | 1f44 0000 
[/MachCode]

---------------  P R O C E S S  ---------------

Threads class SMR info:
_java_thread_list=0x000001e37ac6fed0, length=14, elements={
0x000001e371ba1970, 0x000001e371b4bc30, 0x000001e371c422b0, 0x000001e371c44700,
0x000001e371c457e0, 0x000001e371c46240, 0x000001e371c46ca0, 0x000001e371c47ae0,
0x000001e37a9864c0, 0x000001e37aa232a0, 0x000001e37aa258e0, 0x000001e37aa47a60,
0x000001e37ab97ab0, 0x000001e37c232340
}

Java Threads: ( => current thread )
=>0x000001e371ba1970 JavaThread "main"                              [_thread_in_vm, id=45464, stack(0x0000006f42200000,0x0000006f42300000) (1024K)]
  0x000001e371b4bc30 JavaThread "Reference Handler"          daemon [_thread_blocked, id=44828, stack(0x0000006f42600000,0x0000006f42700000) (1024K)]
  0x000001e371c422b0 JavaThread "Finalizer"                  daemon [_thread_blocked, id=46180, stack(0x0000006f42700000,0x0000006f42800000) (1024K)]
  0x000001e371c44700 JavaThread "Signal Dispatcher"          daemon [_thread_blocked, id=5648, stack(0x0000006f42800000,0x0000006f42900000) (1024K)]
  0x000001e371c457e0 JavaThread "Attach Listener"            daemon [_thread_blocked, id=24304, stack(0x0000006f42900000,0x0000006f42a00000) (1024K)]
  0x000001e371c46240 JavaThread "Service Thread"             daemon [_thread_blocked, id=39124, stack(0x0000006f42a00000,0x0000006f42b00000) (1024K)]
  0x000001e371c46ca0 JavaThread "Monitor Deflation Thread"   daemon [_thread_blocked, id=42204, stack(0x0000006f42b00000,0x0000006f42c00000) (1024K)]
  0x000001e371c47ae0 JavaThread "C2 CompilerThread0"         daemon [_thread_blocked, id=37764, stack(0x0000006f42c00000,0x0000006f42d00000) (1024K)]
  0x000001e37a9864c0 JavaThread "C1 CompilerThread0"         daemon [_thread_blocked, id=45652, stack(0x0000006f42d00000,0x0000006f42e00000) (1024K)]
  0x000001e37aa232a0 JavaThread "C1 CompilerThread1"         daemon [_thread_blocked, id=39908, stack(0x0000006f42e00000,0x0000006f42f00000) (1024K)]
  0x000001e37aa258e0 JavaThread "C1 CompilerThread2"         daemon [_thread_blocked, id=40884, stack(0x0000006f42f00000,0x0000006f43000000) (1024K)]
  0x000001e37aa47a60 JavaThread "C2 CompilerThread1"         daemon [_thread_blocked, id=36324, stack(0x0000006f43000000,0x0000006f43100000) (1024K)]
  0x000001e37ab97ab0 JavaThread "Common-Cleaner"             daemon [_thread_blocked, id=6984, stack(0x0000006f43100000,0x0000006f43200000) (1024K)]
  0x000001e37c232340 JavaThread "Notification Thread"        daemon [_thread_blocked, id=46820, stack(0x0000006f43200000,0x0000006f43300000) (1024K)]
Total: 14

Other Threads:
  0x000001e371c40b50 VMThread "VM Thread"                           [id=38288, stack(0x0000006f42500000,0x0000006f42600000) (1024K)]
  0x000001e371a2ca00 WatcherThread "VM Periodic Task Thread"        [id=42560, stack(0x0000006f42400000,0x0000006f42500000) (1024K)]
  0x000001e371bbf990 WorkerThread "GC Thread#0"                     [id=42348, stack(0x0000006f42300000,0x0000006f42400000) (1024K)]
Total: 3

Threads with active compile tasks:
Total: 0

VM state: not at safepoint (normal execution)

VM Mutex/Monitor currently owned by a thread:  ([mutex/lock_event])
[0x00007ff9a624d530] Metaspace_lock - owner thread: 0x000001e371ba1970

Heap address: 0x0000000080000000, size: 2048 MB, Compressed Oops mode: 32-bit

CDS archive(s) mapped at: [0x000001e30f000000-0x000001e30fba0000-0x000001e30fba0000), size 12189696, SharedBaseAddress: 0x000001e30f000000, ArchiveRelocationMode: 1.
Compressed class space mapped at: 0x000001e310000000-0x000001e350000000, reserved size: 1073741824
Narrow klass base: 0x000001e30f000000, Narrow klass shift: 0, Narrow klass range: 0x100000000

GC Precious Log:
 CardTable entry size: 512
 CPUs: 16 total, 16 available
 Memory: 16068M
 Large Page Support: Disabled
 NUMA Support: Disabled
 Compressed Oops: Enabled (32-bit)
 Alignments: Space 512K, Generation 512K, Heap 2M
 Heap Min Capacity: 100M
 Heap Initial Capacity: 100M
 Heap Max Capacity: 2G
 Pre-touch: Disabled
 Parallel Workers: 13

Heap:
 PSYoungGen      total 29696K, used 12313K [0x00000000d5580000, 0x00000000d7680000, 0x0000000100000000)
  eden space 25600K, 48% used [0x00000000d5580000,0x00000000d61867a0,0x00000000d6e80000)
  from space 4096K, 0% used [0x00000000d7280000,0x00000000d7280000,0x00000000d7680000)
  to   space 4096K, 0% used [0x00000000d6e80000,0x00000000d6e80000,0x00000000d7280000)
 ParOldGen       total 68608K, used 0K [0x0000000080000000, 0x0000000084300000, 0x00000000d5580000)
  object space 68608K, 0% used [0x0000000080000000,0x0000000080000000,0x0000000084300000)
 Metaspace       used 1820K, committed 1984K, reserved 1114112K
  class space    used 172K, committed 256K, reserved 1048576K

Card table byte_map: [0x000001e371540000,0x000001e371950000] _byte_map_base: 0x000001e371140000

Marking Bits: (ParMarkBitMap*) 0x00007ff9a62544a0
 Begin Bits: [0x000001e375050000, 0x000001e377050000)
 End Bits:   [0x000001e377050000, 0x000001e379050000)

Polling page: 0x000001e36fa00000

Metaspace:

Usage:
  Non-class:      1.61 MB used.
      Class:    172.64 KB used.
       Both:      1.78 MB used.

Virtual space:
  Non-class space:       64.00 MB reserved,       1.69 MB (  3%) committed,  1 nodes.
      Class space:        1.00 GB reserved,     256.00 KB ( <1%) committed,  1 nodes.
             Both:        1.06 GB reserved,       1.94 MB ( <1%) committed. 

Chunk freelists:
   Non-Class:  11.65 MB
       Class:  15.67 MB
        Both:  27.33 MB

MaxMetaspaceSize: unlimited
CompressedClassSpaceSize: 1.00 GB
Initial GC threshold: 21.00 MB
Current GC threshold: 21.00 MB
CDS: on
 - commit_granule_bytes: 65536.
 - commit_granule_words: 8192.
 - virtual_space_node_default_size: 8388608.
 - enlarge_chunks_in_place: 1.
 - use_allocation_guard: 0.


Internal statistics:

num_allocs_failed_limit: 0.
num_arena_births: 76.
num_arena_deaths: 0.
num_vsnodes_births: 2.
num_vsnodes_deaths: 0.
num_space_committed: 31.
num_space_uncommitted: 0.
num_chunks_returned_to_freelist: 0.
num_chunks_taken_from_freelist: 98.
num_chunk_merges: 0.
num_chunk_splits: 69.
num_chunks_enlarged: 44.
num_inconsistent_stats: 0.

CodeHeap 'non-profiled nmethods': size=119168Kb used=209Kb max_used=209Kb free=118958Kb
 bounds [0x000001e307ba0000, 0x000001e307e10000, 0x000001e30f000000]
CodeHeap 'profiled nmethods': size=119104Kb used=967Kb max_used=967Kb free=118137Kb
 bounds [0x000001e300000000, 0x000001e300270000, 0x000001e307450000]
CodeHeap 'non-nmethods': size=7488Kb used=2285Kb max_used=2301Kb free=5202Kb
 bounds [0x000001e307450000, 0x000001e3076c0000, 0x000001e307ba0000]
CodeCache: size=245760Kb, used=3461Kb, max_used=3477Kb, free=242297Kb
 total_blobs=1056, nmethods=643, adapters=318, full_count=0
Compilation: enabled, stopped_count=0, restarted_count=0

Compilation events (20 events):
Event: 0.576 Thread 0x000001e37aa258e0 nmethod 632 0x000001e3000e9690 code [0x000001e3000e9860, 0x000001e3000e9b90]
Event: 0.576 Thread 0x000001e37a9864c0 nmethod 633 0x000001e3000e9d10 code [0x000001e3000e9f00, 0x000001e3000ea528]
Event: 0.576 Thread 0x000001e37aa47a60  634       4       java.util.ArrayList$Itr::hasNext (20 bytes)
Event: 0.576 Thread 0x000001e37aa232a0 nmethod 629 0x000001e3000ea790 code [0x000001e3000eac00, 0x000001e3000ec858]
Event: 0.576 Thread 0x000001e37aa47a60 nmethod 634 0x000001e307bd3510 code [0x000001e307bd36a0, 0x000001e307bd3758]
Event: 0.579 Thread 0x000001e37aa232a0  636       3       jdk.internal.org.objectweb.asm.Type::getArgumentsAndReturnSizes (140 bytes)
Event: 0.579 Thread 0x000001e37aa47a60  637       4       java.util.Collections$UnmodifiableCollection$1::hasNext (10 bytes)
Event: 0.579 Thread 0x000001e37a9864c0  638       3       java.lang.Number::<init> (5 bytes)
Event: 0.579 Thread 0x000001e37aa258e0  639       3       java.lang.Byte::<init> (10 bytes)
Event: 0.579 Thread 0x000001e37a9864c0 nmethod 638 0x000001e3000ed490 code [0x000001e3000ed640, 0x000001e3000ed7a8]
Event: 0.579 Thread 0x000001e37aa258e0 nmethod 639 0x000001e3000ed890 code [0x000001e3000eda40, 0x000001e3000edc08]
Event: 0.580 Thread 0x000001e37aa47a60 nmethod 637 0x000001e307bd3b10 code [0x000001e307bd3ca0, 0x000001e307bd3d80]
Event: 0.580 Thread 0x000001e37aa232a0 nmethod 636 0x000001e3000edd10 code [0x000001e3000ee0e0, 0x000001e3000efc40]
Event: 0.582 Thread 0x000001e37aa47a60  640       4       java.util.HashMap$HashIterator::<init> (79 bytes)
Event: 0.583 Thread 0x000001e37a9864c0  641       3       java.util.concurrent.ConcurrentHashMap$Node::<init> (14 bytes)
Event: 0.583 Thread 0x000001e37aa258e0  642       3       sun.security.util.ObjectIdentifier::checkOtherComponent (41 bytes)
Event: 0.583 Thread 0x000001e37a9864c0 nmethod 641 0x000001e3000f0710 code [0x000001e3000f08c0, 0x000001e3000f0ad8]
Event: 0.584 Thread 0x000001e37aa258e0 nmethod 642 0x000001e3000f0c10 code [0x000001e3000f0e60, 0x000001e3000f1500]
Event: 0.584 Thread 0x000001e37aa258e0  643       3       java.lang.invoke.MethodHandles$Lookup::lookupClassOrNull (17 bytes)
Event: 0.584 Thread 0x000001e37aa258e0 nmethod 643 0x000001e3000f1810 code [0x000001e3000f19c0, 0x000001e3000f1b48]

GC Heap History (0 events):
No events

Dll operation events (16 events):
Event: 0.082 Attempting to load shared library c:\Users\user\.vscode\extensions\redhat.java-1.56.0-win32-x64\jre\21.0.12.1-win32-x86_64\bin\java.dll
Event: 0.082 Loaded shared library c:\Users\user\.vscode\extensions\redhat.java-1.56.0-win32-x64\jre\21.0.12.1-win32-x86_64\bin\java.dll
Event: 0.129 Attempting to load shared library c:\Users\user\.vscode\extensions\redhat.java-1.56.0-win32-x64\jre\21.0.12.1-win32-x86_64\bin\zip.dll
Event: 0.130 Loaded shared library c:\Users\user\.vscode\extensions\redhat.java-1.56.0-win32-x64\jre\21.0.12.1-win32-x86_64\bin\zip.dll
Event: 0.221 Attempting to load shared library C:\Users\user\.vscode\extensions\redhat.java-1.56.0-win32-x64\jre\21.0.12.1-win32-x86_64\bin\instrument.dll
Event: 0.221 Loaded shared library C:\Users\user\.vscode\extensions\redhat.java-1.56.0-win32-x64\jre\21.0.12.1-win32-x86_64\bin\instrument.dll
Event: 0.226 Attempting to load shared library C:\Users\user\.vscode\extensions\redhat.java-1.56.0-win32-x64\jre\21.0.12.1-win32-x86_64\bin\net.dll
Event: 0.227 Loaded shared library C:\Users\user\.vscode\extensions\redhat.java-1.56.0-win32-x64\jre\21.0.12.1-win32-x86_64\bin\net.dll
Event: 0.230 Attempting to load shared library C:\Users\user\.vscode\extensions\redhat.java-1.56.0-win32-x64\jre\21.0.12.1-win32-x86_64\bin\nio.dll
Event: 0.231 Loaded shared library C:\Users\user\.vscode\extensions\redhat.java-1.56.0-win32-x64\jre\21.0.12.1-win32-x86_64\bin\nio.dll
Event: 0.234 Attempting to load shared library C:\Users\user\.vscode\extensions\redhat.java-1.56.0-win32-x64\jre\21.0.12.1-win32-x86_64\bin\zip.dll
Event: 0.234 Loaded shared library C:\Users\user\.vscode\extensions\redhat.java-1.56.0-win32-x64\jre\21.0.12.1-win32-x86_64\bin\zip.dll
Event: 0.254 Attempting to load shared library C:\Users\user\.vscode\extensions\redhat.java-1.56.0-win32-x64\jre\21.0.12.1-win32-x86_64\bin\jimage.dll
Event: 0.254 Loaded shared library C:\Users\user\.vscode\extensions\redhat.java-1.56.0-win32-x64\jre\21.0.12.1-win32-x86_64\bin\jimage.dll
Event: 0.346 Attempting to load shared library c:\Users\user\.vscode\extensions\redhat.java-1.56.0-win32-x64\jre\21.0.12.1-win32-x86_64\bin\verify.dll
Event: 0.387 Loaded shared library c:\Users\user\.vscode\extensions\redhat.java-1.56.0-win32-x64\jre\21.0.12.1-win32-x86_64\bin\verify.dll

Deoptimization events (20 events):
Event: 0.263 Thread 0x000001e371ba1970 DEOPT PACKING pc=0x000001e30003f8c9 sp=0x0000006f422fdb20
Event: 0.263 Thread 0x000001e371ba1970 DEOPT UNPACKING pc=0x000001e3074a4242 sp=0x0000006f422fcfa8 mode 0
Event: 0.264 Thread 0x000001e371ba1970 DEOPT PACKING pc=0x000001e30003f8c9 sp=0x0000006f422fdb80
Event: 0.264 Thread 0x000001e371ba1970 DEOPT UNPACKING pc=0x000001e3074a4242 sp=0x0000006f422fd008 mode 0
Event: 0.264 Thread 0x000001e371ba1970 DEOPT PACKING pc=0x000001e30003f8c9 sp=0x0000006f422fdb80
Event: 0.264 Thread 0x000001e371ba1970 DEOPT UNPACKING pc=0x000001e3074a4242 sp=0x0000006f422fd008 mode 0
Event: 0.525 Thread 0x000001e371ba1970 DEOPT PACKING pc=0x000001e30003c318 sp=0x0000006f422fe300
Event: 0.525 Thread 0x000001e371ba1970 DEOPT UNPACKING pc=0x000001e3074a4242 sp=0x0000006f422fd7c0 mode 0
Event: 0.527 Thread 0x000001e371ba1970 Uncommon trap: trap_request=0xffffffde fr.pc=0x000001e307bb0504 relative=0x00000000000007c4
Event: 0.527 Thread 0x000001e371ba1970 Uncommon trap: reason=class_check action=maybe_recompile pc=0x000001e307bb0504 method=java.util.HashMap.putVal(ILjava/lang/Object;Ljava/lang/Object;ZZ)Ljava/lang/Object; @ 152 c2
Event: 0.527 Thread 0x000001e371ba1970 DEOPT PACKING pc=0x000001e307bb0504 sp=0x0000006f422fece0
Event: 0.527 Thread 0x000001e371ba1970 DEOPT UNPACKING pc=0x000001e3074a3aa2 sp=0x0000006f422fec40 mode 2
Event: 0.527 Thread 0x000001e371ba1970 Uncommon trap: trap_request=0xffffffde fr.pc=0x000001e307bb0504 relative=0x00000000000007c4
Event: 0.527 Thread 0x000001e371ba1970 Uncommon trap: reason=class_check action=maybe_recompile pc=0x000001e307bb0504 method=java.util.HashMap.putVal(ILjava/lang/Object;Ljava/lang/Object;ZZ)Ljava/lang/Object; @ 152 c2
Event: 0.527 Thread 0x000001e371ba1970 DEOPT PACKING pc=0x000001e307bb0504 sp=0x0000006f422fece0
Event: 0.527 Thread 0x000001e371ba1970 DEOPT UNPACKING pc=0x000001e3074a3aa2 sp=0x0000006f422fec40 mode 2
Event: 0.531 Thread 0x000001e371ba1970 DEOPT PACKING pc=0x000001e30003c318 sp=0x0000006f422fc990
Event: 0.531 Thread 0x000001e371ba1970 DEOPT UNPACKING pc=0x000001e3074a4242 sp=0x0000006f422fbe50 mode 0
Event: 0.533 Thread 0x000001e371ba1970 DEOPT PACKING pc=0x000001e30003c318 sp=0x0000006f422fc7e0
Event: 0.533 Thread 0x000001e371ba1970 DEOPT UNPACKING pc=0x000001e3074a4242 sp=0x0000006f422fbca0 mode 0

Classes loaded (20 events):
Event: 0.581 Loading class sun/security/x509/X509CertInfo
Event: 0.582 Loading class sun/security/x509/X509CertInfo done
Event: 0.582 Loading class sun/security/x509/CertificateVersion
Event: 0.582 Loading class sun/security/x509/CertificateVersion done
Event: 0.582 Loading class sun/security/x509/CertificateSerialNumber
Event: 0.582 Loading class sun/security/x509/CertificateSerialNumber done
Event: 0.582 Loading class sun/security/x509/SerialNumber
Event: 0.582 Loading class sun/security/x509/SerialNumber done
Event: 0.582 Loading class sun/security/x509/CertificateAlgorithmId
Event: 0.582 Loading class sun/security/x509/CertificateAlgorithmId done
Event: 0.582 Loading class sun/security/x509/X500Name
Event: 0.583 Loading class sun/security/x509/GeneralNameInterface
Event: 0.583 Loading class sun/security/x509/GeneralNameInterface done
Event: 0.583 Loading class sun/security/x509/X500Name done
Event: 0.584 Loading class javax/security/auth/x500/X500Principal
Event: 0.584 Loading class javax/security/auth/x500/X500Principal done
Event: 0.584 Loading class sun/security/x509/RDN
Event: 0.585 Loading class sun/security/x509/RDN done
Event: 0.585 Loading class sun/security/x509/AVA
Event: 0.585 Loading class sun/security/x509/AVA done

Classes unloaded (0 events):
No events

Classes redefined (0 events):
No events

Internal exceptions (11 events):
Event: 0.191 Thread 0x000001e371ba1970 Exception <a 'java/lang/NoSuchMethodError'{0x00000000d579fad0}: 'void java.lang.invoke.DirectMethodHandle$Holder.invokeStatic(java.lang.Object, java.lang.Object, java.lang.Object)'> (0x00000000d579fad0) 
thrown [s\src\hotspot\share\interpreter\linkResolver.cpp, line 773]
Event: 0.246 Thread 0x000001e371ba1970 Exception <a 'java/lang/NoSuchMethodError'{0x00000000d5989078}: 'java.lang.Object java.lang.invoke.Invokers$Holder.invokeExact_MT(java.lang.Object, java.lang.Object, java.lang.Object, java.lang.Object, java.lang.Object)'> (0x00000000d5989078) 
thrown [s\src\hotspot\share\interpreter\linkResolver.cpp, line 773]
Event: 0.293 Thread 0x000001e371ba1970 Exception <a 'java/lang/NoSuchMethodError'{0x00000000d5ac1328}: 'int java.lang.invoke.DirectMethodHandle$Holder.invokeSpecial(java.lang.Object, java.lang.Object, java.lang.Object, int)'> (0x00000000d5ac1328) 
thrown [s\src\hotspot\share\interpreter\linkResolver.cpp, line 773]
Event: 0.296 Thread 0x000001e371ba1970 Exception <a 'java/lang/NoSuchMethodError'{0x00000000d5ad3d10}: 'java.lang.Object java.lang.invoke.DirectMethodHandle$Holder.invokeStatic(java.lang.Object, java.lang.Object, java.lang.Object, java.lang.Object, int)'> (0x00000000d5ad3d10) 
thrown [s\src\hotspot\share\interpreter\linkResolver.cpp, line 773]
Event: 0.297 Thread 0x000001e371ba1970 Exception <a 'java/lang/NoSuchMethodError'{0x00000000d5adf150}: 'void java.lang.invoke.DelegatingMethodHandle$Holder.reinvoke_L(java.lang.Object, java.lang.Object, java.lang.Object, int, java.lang.Object)'> (0x00000000d5adf150) 
thrown [s\src\hotspot\share\interpreter\linkResolver.cpp, line 773]
Event: 0.298 Thread 0x000001e371ba1970 Exception <a 'java/lang/NoSuchMethodError'{0x00000000d5ae2b88}: 'int java.lang.invoke.DirectMethodHandle$Holder.invokeSpecial(java.lang.Object, java.lang.Object, java.lang.Object)'> (0x00000000d5ae2b88) 
thrown [s\src\hotspot\share\interpreter\linkResolver.cpp, line 773]
Event: 0.303 Thread 0x000001e371ba1970 Exception <a 'java/lang/NoSuchMethodError'{0x00000000d5afb878}: 'java.lang.Object java.lang.invoke.DirectMethodHandle$Holder.invokeStatic(java.lang.Object, java.lang.Object, int)'> (0x00000000d5afb878) 
thrown [s\src\hotspot\share\interpreter\linkResolver.cpp, line 773]
Event: 0.303 Thread 0x000001e371ba1970 Exception <a 'java/lang/NoSuchMethodError'{0x00000000d5b001c8}: 'void java.lang.invoke.DirectMethodHandle$Holder.invokeStatic(java.lang.Object, java.lang.Object, int, java.lang.Object)'> (0x00000000d5b001c8) 
thrown [s\src\hotspot\share\interpreter\linkResolver.cpp, line 773]
Event: 0.304 Thread 0x000001e371ba1970 Exception <a 'java/lang/NoSuchMethodError'{0x00000000d5b03d58}: 'void java.lang.invoke.DirectMethodHandle$Holder.invokeSpecial(java.lang.Object, java.lang.Object, java.lang.Object, int, java.lang.Object)'> (0x00000000d5b03d58) 
thrown [s\src\hotspot\share\interpreter\linkResolver.cpp, line 773]
Event: 0.304 Thread 0x000001e371ba1970 Exception <a 'java/lang/NoSuchMethodError'{0x00000000d5b071c8}: 'void java.lang.invoke.DelegatingMethodHandle$Holder.delegate(java.lang.Object, java.lang.Object, int, java.lang.Object)'> (0x00000000d5b071c8) 
thrown [s\src\hotspot\share\interpreter\linkResolver.cpp, line 773]
Event: 0.423 Thread 0x000001e371ba1970 Exception <a 'java/lang/NoSuchMethodError'{0x00000000d5cc6360}: 'void java.lang.invoke.DelegatingMethodHandle$Holder.reinvoke_L(java.lang.Object, java.lang.Object, java.lang.Object, int)'> (0x00000000d5cc6360) 
thrown [s\src\hotspot\share\interpreter\linkResolver.cpp, line 773]

ZGC Phase Switch (0 events):
No events

VM Operations (4 events):
Event: 0.197 Executing non-safepoint VM operation: HandshakeAllThreads (Deoptimize)
Event: 0.197 Executing non-safepoint VM operation: HandshakeAllThreads (Deoptimize) done
Event: 0.268 Executing non-safepoint VM operation: HandshakeAllThreads (Deoptimize)
Event: 0.268 Executing non-safepoint VM operation: HandshakeAllThreads (Deoptimize) done

Memory protections (0 events):
No events

Nmethod flushes (0 events):
No events

Events (14 events):
Event: 0.111 Thread 0x000001e371ba1970 Thread added: 0x000001e371ba1970
Event: 0.131 Thread 0x000001e371ba1970 Thread added: 0x000001e371b4bc30
Event: 0.131 Thread 0x000001e371ba1970 Thread added: 0x000001e371c422b0
Event: 0.132 Thread 0x000001e371ba1970 Thread added: 0x000001e371c44700
Event: 0.132 Thread 0x000001e371ba1970 Thread added: 0x000001e371c457e0
Event: 0.132 Thread 0x000001e371ba1970 Thread added: 0x000001e371c46240
Event: 0.132 Thread 0x000001e371ba1970 Thread added: 0x000001e371c46ca0
Event: 0.132 Thread 0x000001e371ba1970 Thread added: 0x000001e371c47ae0
Event: 0.148 Thread 0x000001e371ba1970 Thread added: 0x000001e37a9864c0
Event: 0.199 Thread 0x000001e37a9864c0 Thread added: 0x000001e37aa232a0
Event: 0.200 Thread 0x000001e37aa232a0 Thread added: 0x000001e37aa258e0
Event: 0.204 Thread 0x000001e371c47ae0 Thread added: 0x000001e37aa47a60
Event: 0.223 Thread 0x000001e371ba1970 Thread added: 0x000001e37ab97ab0
Event: 0.525 Thread 0x000001e371ba1970 Thread added: 0x000001e37c232340


Dynamic libraries:
0x00007ff6c6390000 - 0x00007ff6c639e000 	c:\Users\user\.vscode\extensions\redhat.java-1.56.0-win32-x64\jre\21.0.12.1-win32-x86_64\bin\java.exe
0x00007ffb190a0000 - 0x00007ffb19307000 	C:\WINDOWS\SYSTEM32\ntdll.dll
0x00007ffb18400000 - 0x00007ffb184cb000 	C:\WINDOWS\System32\KERNEL32.DLL
0x00007ffb167d0000 - 0x00007ffb16bd2000 	C:\WINDOWS\System32\KERNELBASE.dll
0x00007ffb165b0000 - 0x00007ffb166fc000 	C:\WINDOWS\System32\ucrtbase.dll
0x00007ffa89a80000 - 0x00007ffa89a98000 	c:\Users\user\.vscode\extensions\redhat.java-1.56.0-win32-x64\jre\21.0.12.1-win32-x86_64\bin\jli.dll
0x00007ffa97810000 - 0x00007ffa9782e000 	c:\Users\user\.vscode\extensions\redhat.java-1.56.0-win32-x64\jre\21.0.12.1-win32-x86_64\bin\VCRUNTIME140.dll
0x00007ffb18220000 - 0x00007ffb183ef000 	C:\WINDOWS\System32\USER32.dll
0x00007ffb16360000 - 0x00007ffb16387000 	C:\WINDOWS\System32\win32u.dll
0x00007ffb17ee0000 - 0x00007ffb17f0b000 	C:\WINDOWS\System32\GDI32.dll
0x00007ffaf76b0000 - 0x00007ffaf7940000 	C:\WINDOWS\WinSxS\amd64_microsoft.windows.common-controls_6595b64144ccf1df_6.0.26100.9278_none_3e0d1ba8e3303201\COMCTL32.dll
0x00007ffb16c90000 - 0x00007ffb16db9000 	C:\WINDOWS\System32\gdi32full.dll
0x00007ffb16be0000 - 0x00007ffb16c83000 	C:\WINDOWS\System32\msvcp_win.dll
0x00007ffb16e50000 - 0x00007ffb16ef9000 	C:\WINDOWS\System32\msvcrt.dll
0x00007ffb16df0000 - 0x00007ffb16e21000 	C:\WINDOWS\System32\IMM32.DLL
0x00007ffa98080000 - 0x00007ffa9808c000 	c:\Users\user\.vscode\extensions\redhat.java-1.56.0-win32-x64\jre\21.0.12.1-win32-x86_64\bin\vcruntime140_1.dll
0x00007ffa62060000 - 0x00007ffa620ed000 	c:\Users\user\.vscode\extensions\redhat.java-1.56.0-win32-x64\jre\21.0.12.1-win32-x86_64\bin\msvcp140.dll
0x00007ff9a5590000 - 0x00007ff9a6332000 	c:\Users\user\.vscode\extensions\redhat.java-1.56.0-win32-x64\jre\21.0.12.1-win32-x86_64\bin\server\jvm.dll
0x00007ffb18ce0000 - 0x00007ffb18d9c000 	C:\WINDOWS\System32\ADVAPI32.dll
0x00007ffb18a40000 - 0x00007ffb18ae9000 	C:\WINDOWS\System32\sechost.dll
0x00007ffb18e40000 - 0x00007ffb18f58000 	C:\WINDOWS\System32\RPCRT4.dll
0x00007ffb18c50000 - 0x00007ffb18cd0000 	C:\WINDOWS\System32\WS2_32.dll
0x00007ffb16100000 - 0x00007ffb1615e000 	C:\WINDOWS\SYSTEM32\POWRPROF.dll
0x00007ffb09710000 - 0x00007ffb0971b000 	C:\WINDOWS\SYSTEM32\VERSION.dll
0x00007ffb0c0f0000 - 0x00007ffb0c126000 	C:\WINDOWS\SYSTEM32\WINMM.dll
0x00007ffb160e0000 - 0x00007ffb160f5000 	C:\WINDOWS\SYSTEM32\UMPDC.dll
0x00007ffb14f30000 - 0x00007ffb14f4b000 	C:\WINDOWS\SYSTEM32\kernel.appcore.dll
0x00007ffa97f50000 - 0x00007ffa97f5a000 	c:\Users\user\.vscode\extensions\redhat.java-1.56.0-win32-x64\jre\21.0.12.1-win32-x86_64\bin\jimage.dll
0x00007ffb139a0000 - 0x00007ffb13bec000 	C:\WINDOWS\SYSTEM32\DBGHELP.DLL
0x00007ffb186b0000 - 0x00007ffb18a35000 	C:\WINDOWS\System32\combase.dll
0x00007ffb18140000 - 0x00007ffb18219000 	C:\WINDOWS\System32\OLEAUT32.dll
0x00007ffaf9090000 - 0x00007ffaf90cb000 	C:\WINDOWS\SYSTEM32\dbgcore.DLL
0x00007ffb16710000 - 0x00007ffb167bc000 	C:\WINDOWS\System32\bcryptPrimitives.dll
0x00007ffa923b0000 - 0x00007ffa923bf000 	c:\Users\user\.vscode\extensions\redhat.java-1.56.0-win32-x64\jre\21.0.12.1-win32-x86_64\bin\instrument.dll
0x00007ffa89a60000 - 0x00007ffa89a80000 	c:\Users\user\.vscode\extensions\redhat.java-1.56.0-win32-x64\jre\21.0.12.1-win32-x86_64\bin\java.dll
0x00007ffb176d0000 - 0x00007ffb17e68000 	C:\WINDOWS\System32\SHELL32.dll
0x00007ffb13ce0000 - 0x00007ffb1458e000 	C:\WINDOWS\SYSTEM32\windows.storage.dll
0x00007ffb18040000 - 0x00007ffb1813b000 	C:\WINDOWS\System32\SHCORE.dll
0x00007ffb18ff0000 - 0x00007ffb19056000 	C:\WINDOWS\System32\shlwapi.dll
0x00007ffb161c0000 - 0x00007ffb161e9000 	C:\WINDOWS\SYSTEM32\profapi.dll
0x00007ffa6c4f0000 - 0x00007ffa6c508000 	c:\Users\user\.vscode\extensions\redhat.java-1.56.0-win32-x64\jre\21.0.12.1-win32-x86_64\bin\zip.dll
0x00007ffa97800000 - 0x00007ffa97810000 	C:\Users\user\.vscode\extensions\redhat.java-1.56.0-win32-x64\jre\21.0.12.1-win32-x86_64\bin\net.dll
0x00007ffb0c2b0000 - 0x00007ffb0c3da000 	C:\WINDOWS\SYSTEM32\WINHTTP.dll
0x00007ffb154d0000 - 0x00007ffb1553c000 	C:\WINDOWS\system32\mswsock.dll
0x00007ffa6c5f0000 - 0x00007ffa6c606000 	C:\Users\user\.vscode\extensions\redhat.java-1.56.0-win32-x64\jre\21.0.12.1-win32-x86_64\bin\nio.dll
0x00007ffa8a570000 - 0x00007ffa8a580000 	c:\Users\user\.vscode\extensions\redhat.java-1.56.0-win32-x64\jre\21.0.12.1-win32-x86_64\bin\verify.dll

JVMTI agents:
c:\Users\user\.vscode\extensions\redhat.java-1.56.0-win32-x64\lombok\lombok-1.18.39-4050.jar path:c:\Users\user\.vscode\extensions\redhat.java-1.56.0-win32-x64\jre\21.0.12.1-win32-x86_64\bin\instrument.dll, loaded, initialized, instrumentlib options:none

dbghelp: loaded successfully - version: 4.0.5 - missing functions: none
symbol engine: initialized successfully - sym options: 0x614 - pdb path: .;c:\Users\user\.vscode\extensions\redhat.java-1.56.0-win32-x64\jre\21.0.12.1-win32-x86_64\bin;C:\WINDOWS\SYSTEM32;C:\WINDOWS\WinSxS\amd64_microsoft.windows.common-controls_6595b64144ccf1df_6.0.26100.9278_none_3e0d1ba8e3303201;c:\Users\user\.vscode\extensions\redhat.java-1.56.0-win32-x64\jre\21.0.12.1-win32-x86_64\bin\server

VM Arguments:
jvm_args: --add-modules=ALL-SYSTEM --add-opens=java.base/java.util=ALL-UNNAMED --add-opens=java.base/java.lang=ALL-UNNAMED --add-opens=java.base/sun.nio.fs=ALL-UNNAMED -Declipse.application=org.eclipse.jdt.ls.core.id1 -Dosgi.bundles.defaultStartLevel=4 -Declipse.product=org.eclipse.jdt.ls.core.product -Djava.import.generatesMetadataFilesAtProjectRoot=false -Dm2e.project.cache.size=50 -DDetectVMInstallationsJob.disabled=true -Dfile.encoding=utf8 -XX:+UseParallelGC -XX:GCTimeRatio=4 -XX:AdaptiveSizePolicyWeight=90 -Dsun.zip.disableMemoryMapping=true -Xmx2G -Xms100m -Xlog:disable -javaagent:c:\Users\user\.vscode\extensions\redhat.java-1.56.0-win32-x64\lombok\lombok-1.18.39-4050.jar 
java_command: c:\Users\user\.vscode\extensions\redhat.java-1.56.0-win32-x64\server\plugins\org.eclipse.equinox.launcher_1.8.0.v20260804-1928.jar -configuration c:\Users\user\AppData\Roaming\Code\User\globalStorage\redhat.java\1.56.0\config_ss_win -data c:\Users\user\AppData\Roaming\Code\User\workspaceStorage\b4cab9b5bd81c9e6fe92a1290177fc1e\redhat.java\ss_ws --pipe=\\.\pipe\lsp-24c8d28fab603ba64cfbe080fd6321a8-sock
java_class_path (initial): c:\Users\user\.vscode\extensions\redhat.java-1.56.0-win32-x64\server\plugins\org.eclipse.equinox.launcher_1.8.0.v20260804-1928.jar
Launcher Type: SUN_STANDARD

[Global flags]
    uintx AdaptiveSizePolicyWeight                 = 90                                        {product} {command line}
     intx CICompilerCount                          = 12                                        {product} {ergonomic}
    uintx GCTimeRatio                              = 4                                         {product} {command line}
   size_t InitialHeapSize                          = 104857600                                 {product} {command line}
   size_t MaxHeapSize                              = 2147483648                                {product} {command line}
   size_t MaxNewSize                               = 715653120                                 {product} {ergonomic}
   size_t MinHeapDeltaBytes                        = 524288                                    {product} {ergonomic}
   size_t MinHeapSize                              = 104857600                                 {product} {command line}
   size_t NewSize                                  = 34603008                                  {product} {ergonomic}
    uintx NonNMethodCodeHeapSize                   = 7602480                                {pd product} {ergonomic}
    uintx NonProfiledCodeHeapSize                  = 122027880                              {pd product} {ergonomic}
   size_t OldSize                                  = 70254592                                  {product} {ergonomic}
     bool PerfDisableSharedMem                     = true                                      {product} {ergonomic}
    uintx ProfiledCodeHeapSize                     = 122027880                              {pd product} {ergonomic}
    uintx ReservedCodeCacheSize                    = 251658240                              {pd product} {ergonomic}
     bool SegmentedCodeCache                       = true                                      {product} {ergonomic}
   size_t SoftMaxHeapSize                          = 2147483648                             {manageable} {ergonomic}
     bool UseCompressedOops                        = true                           {product lp64_product} {ergonomic}
     bool UseLargePagesIndividualAllocation        = false                                  {pd product} {ergonomic}
     bool UseParallelGC                            = true                                      {product} {command line}

Logging:
Log output configuration:
 #0: stdout all=off uptime,level,tags foldmultilines=false
 #1: stderr all=off uptime,level,tags foldmultilines=false

Release file:
<release file has not been read>
Environment Variables:
JAVA_HOME=C:\Program Files\OpenJDK\jdk-21.0.1
PATH=C:\tools\flutter\bin;C:\Program Files\Microsoft\jdk-11.0.16.101-hotspot\bin;C:\Windows\System32;C:\Windows;C:\Windows\System32\wbem;C:\Windows\System32\WindowsPowerShell\v1.0\;C:\Windows\System32\OpenSSH\;C:\ProgramData\chocolatey\bin;C:\Program Files (x86)\NVIDIA Corporation\PhysX\Common;C:\Program Files\Microsoft VS Code\bin;C:\Program Files\Microsoft SQL Server\150\Tools\Binn\;C:\Program Files\Microsoft SQL Server\Client SDK\ODBC\170\Tools\Binn\;C:\ProgramData\chocolatey\lib\maven\apache-maven-3.9.6\bin;C:\Program Files\OpenJDK\jdk-21.0.1\bin;C:\Program Files\Amazon\AWSCLIV2\;C:\Program Files\dotnet\;C:\Program Files\smartmontools\bin;C:\Program Files\Go\bin;C:\Program Files\GitHub CLI\;C:\Program Files\Git\cmd;C:\Program Files\Microsoft SQL Server\170\Tools\Binn\;C:\Program Files\gs\gs10.07.0\bin;C:\Users\user\Documents\Apps\Epew;C:\Program Files\nodejs\;C:\Program Files (x86)\Windows Kits\10\Windows Performance Toolkit\;C:\users\user\pipx\venvs\pplibrary\Scripts;C:\Users\user\AppData\Local\Programs\Python\Python314\Scripts\;C:\Users\user\AppData\Local\Programs\Python\Python314\;C:\Users\user\AppData\Local\Programs\Python\Launcher\;C:\Users\user\.local\bin;C:\tools\flutter\bin;C:\Users\user\AppData\Local\Microsoft\WindowsApps;C:\Program Files\VeraCrypt;C:\Users\user\AppData\Roaming\Python\Python311\Scripts;E:\Data\Clouds\Google\Apps\EpewApp\InstanceLayer\All\Program;C:\Users\user\Downloads\static\apps\Epew;E:\Data\Clouds\Google\Apps\UnxToolsApp\InstanceLayer\All\Program\usr\local\wbin;C:\Program Files\Git\usr\bin;C:\Program Files\Google\Chrome\Application;E:\Data\Clouds\Google\Documents\Scripts\Binary\LinuxTools\usr\local\wbin;E:\Data\Clouds\cloud.now327.de\Documents\Machines\LRPC\Scripts\Binary\LinuxTools\usr\local\wbin;C:\Program Files\KeePassXC;;C:\ProgramData\chocolatey\lib\mingw\tools\install\mingw64\bin;C:\tools\dart-sdk\bin;C:\Users\user\AppData\Roaming\Pub\Cache\bin;C:\Program Files\Microsoft Visual Studio\2022\Community\Common7\IDE;C:\Program Files (x86)\Microsoft SDKs\Windows\v10.0A\bin\NETFX 4.8 Tools\x64;C:\Program Files (x86)\Nmap;C:\Users\user\AppData\Local\Pub\Cache\bin;C:\Users\user\AppData\Local\Android\Sdk\cmdline-tools\latest\bin;C:\Users\user\.dotnet\tools;C:\Program Files\smartmontools\bin;C:\Users\user\go\bin;C:\Program Files\gs\gs10.07.0\bin;E:\Data\Projects\SimpleOCR\SimpleOCRCLI\Other\Artifacts\BuildResult_DotNet_win-x64;C:\Users\user\AppData\Local\Microsoft\WinGet\Links;C:\Users\user\AppData\Local\Python\bin;C:\Program Files\LibreOffice\program;C:\Users\user\AppData\Local\Programs\Podman\;C:\Users\user\AppData\Roaming\npm;C:\Users\user\AppData\Roaming\Python\Python314\Scripts;;C:\Users\user\AppData\Local\Programs\DockerDesktop\resources\bin
USERNAME=user
OS=Windows_NT
PROCESSOR_IDENTIFIER=Intel64 Family 6 Model 154 Stepping 3, GenuineIntel
TMP=C:\Users\user\AppData\Local\Temp
TEMP=C:\Users\user\AppData\Local\Temp




Periodic native trim disabled

---------------  S Y S T E M  ---------------

OS:
 Windows 11 , 64 bit Build 26100 (10.0.26100.9444)
OS uptime: 0 days 21:56 hours
Hyper-V role detected

CPU: total 16 (initial active 16) (8 cores per cpu, 2 threads per core) family 6 model 154 stepping 3 microcode 0x43b, cx8, cmov, fxsr, ht, mmx, 3dnowpref, sse, sse2, sse3, ssse3, sse4.1, sse4.2, popcnt, lzcnt, tsc, tscinvbit, avx, avx2, aes, erms, clmul, bmi1, bmi2, adx, sha, fma, vzeroupper, clflush, clflushopt, clwb, hv, serialize, rdtscp, rdpid, fsrm, f16c, cet_ibt, cet_ss
Processor Information for processor 0
  Max Mhz: 2500, Current Mhz: 2500, Mhz Limit: 2500
Processor Information for processor 1
  Max Mhz: 2500, Current Mhz: 2500, Mhz Limit: 2500
Processor Information for processor 2
  Max Mhz: 2500, Current Mhz: 2500, Mhz Limit: 2500
Processor Information for processor 3
  Max Mhz: 2500, Current Mhz: 1532, Mhz Limit: 2500
Processor Information for processor 4
  Max Mhz: 2500, Current Mhz: 1532, Mhz Limit: 2500
Processor Information for processor 5
  Max Mhz: 2500, Current Mhz: 1532, Mhz Limit: 2500
Processor Information for processor 6
  Max Mhz: 2500, Current Mhz: 2500, Mhz Limit: 2500
Processor Information for processor 7
  Max Mhz: 2500, Current Mhz: 2500, Mhz Limit: 2500
Processor Information for processor 8
  Max Mhz: 2500, Current Mhz: 2500, Mhz Limit: 2500
Processor Information for processor 9
  Max Mhz: 2500, Current Mhz: 2500, Mhz Limit: 2500
Processor Information for processor 10
  Max Mhz: 2500, Current Mhz: 2500, Mhz Limit: 2500
Processor Information for processor 11
  Max Mhz: 2500, Current Mhz: 2500, Mhz Limit: 2500
Processor Information for processor 12
  Max Mhz: 2500, Current Mhz: 2500, Mhz Limit: 2500
Processor Information for processor 13
  Max Mhz: 2500, Current Mhz: 2500, Mhz Limit: 2500
Processor Information for processor 14
  Max Mhz: 2500, Current Mhz: 2500, Mhz Limit: 2500
Processor Information for processor 15
  Max Mhz: 2500, Current Mhz: 2500, Mhz Limit: 2500

Memory: 4k page, system-wide physical 16068M (719M free)
TotalPageFile size 50725M (AvailPageFile size 329M)
current process WorkingSet (physical memory assigned to process): 53M, peak: 53M
current process commit charge ("private bytes"): 243M, peak: 243M

vm_info: OpenJDK 64-Bit Server VM (21.0.12.1+1-LTS) for windows-amd64 JRE (21.0.12.1+1-LTS), built on 2026-08-18T00:00:00Z by "admin" with MS VC++ 17.12 (VS2022)

END.
